// Vitest Snapshot v1, https://vitest.dev/guide/snapshot.html

exports[`useMarketplaceConfig > should fetch marketplace config and styles successfully 1`] = `
{
  "market": {
    "bannerUrl": "https://example.com/market-banner.png",
    "collections": [
      {
        "bannerUrl": "https://example.com/market-banner.png",
        "chainId": 1,
        "contractType": "ERC721",
        "createdAt": "2025-03-16T13:04:16.098Z",
        "currencyOptions": [
          "0x0000000000000000000000000000000000000000",
          "0xA0b86991c6218b36c1d19D4a2e9Eb0cE3606eB48",
        ],
        "destinationMarketplace": "sequence_marketplace_v2",
        "feePercentage": 3.5,
        "filterSettings": {
          "exclusions": [
            {
              "condition": "SPECIFIC_VALUE",
              "key": "Type",
              "value": "Sample",
            },
          ],
          "filterOrder": [
            "Type",
            "Rarity",
          ],
        },
        "id": 1,
        "itemsAddress": "0x0000000000000000000000000000000000000000",
        "marketplaceType": "market",
        "private": false,
        "projectId": 1,
        "updatedAt": "2025-03-16T13:04:16.098Z",
      },
      {
        "bannerUrl": "https://example.com/collection-banner.png",
        "chainId": 137,
        "contractType": "ERC1155",
        "createdAt": "2025-03-16T13:04:16.098Z",
        "currencyOptions": [
          "0x0000000000000000000000000000000000000000",
        ],
        "destinationMarketplace": "opensea",
        "feePercentage": 2.5,
        "filterSettings": {
          "exclusions": [
            {
              "condition": "ENTIRE_KEY",
              "key": "Category",
            },
            {
              "condition": "SPECIFIC_VALUE",
              "key": "Level",
              "value": "Legendary",
            },
          ],
          "filterOrder": [
            "Category",
            "Level",
            "Element",
          ],
        },
        "id": 2,
        "itemsAddress": "0x1234567890123456789012345678901234567890",
        "marketplaceType": "market",
        "private": false,
        "projectId": 1,
        "updatedAt": "2025-03-16T13:04:16.098Z",
      },
    ],
    "enabled": true,
    "ogImage": "https://example.com/og-image.png",
    "private": false,
  },
  "projectId": NaN,
  "settings": {
    "accessKey": "mock-access-key",
    "faviconUrl": "https://example.com/favicon.ico",
    "fontUrl": "https://example.com/font.woff2",
    "logoUrl": "https://example.com/logo.png",
    "publisherId": "publisher-1",
    "socials": {
      "discord": "https://discord.gg/mock",
      "instagram": "https://instagram.com/mock",
      "tiktok": "https://tiktok.com/@mock",
      "twitter": "https://twitter.com/mock",
      "website": "https://mock.com",
      "youtube": "https://youtube.com/mock",
    },
    "style": {},
    "title": "Mock Marketplace",
    "walletOptions": {
      "connectors": [],
      "includeEIP6963Wallets": true,
      "oidcIssuers": {},
      "walletType": "UNIVERSAL",
    },
  },
  "shop": {
    "bannerUrl": "https://example.com/shop-banner.png",
    "collections": [
      {
        "bannerUrl": "https://example.com/shop-banner.png",
        "chainId": 1,
        "createdAt": "2025-03-16T13:04:16.098Z",
        "customTokenIds": [],
        "id": 1,
        "itemsAddress": "0x0000000000000000000000000000000000000000",
        "marketplaceType": "shop",
        "name": "Mock Shop Collection",
        "private": false,
        "projectId": 1,
        "saleAddress": "0x0000000000000000000000000000000000000000",
        "saleBannerUrl": "https://example.com/shop-sale-banner.png",
        "tokenIds": [
          "1",
          "2",
          "3",
        ],
        "updatedAt": "2025-03-16T13:04:16.098Z",
      },
      {
        "bannerUrl": "https://example.com/polygon-shop-banner.png",
        "chainId": 137,
        "createdAt": "2025-03-16T13:04:16.098Z",
        "customTokenIds": [],
        "id": 2,
        "itemsAddress": "0x1234567890123456789012345678901234567890",
        "marketplaceType": "shop",
        "name": "Polygon Shop Collection",
        "private": false,
        "projectId": 1,
        "saleAddress": "0x1234567890123456789012345678901234567890",
        "saleBannerUrl": "https://example.com/polygon-shop-sale-banner.png",
        "tokenIds": [
          "4",
          "5",
          "6",
        ],
        "updatedAt": "2025-03-16T13:04:16.098Z",
      },
    ],
    "enabled": true,
    "ogImage": "https://example.com/shop-og-image.png",
    "private": false,
  },
}
`;
